// Jest Snapshot v1, https://goo.gl/fbAQLP

exports[`<Client/> should match snapshot 1`] = `
.c6 {
  font-size: 1.8rem;
  color: #242424;
  padding: 3.2rem 0;
  line-height: 2.8rem;
}

.c7 {
  font-size: 1.4rem;
  color: #A5A5A5;
  padding: 3.2rem 0;
  line-height: 2rem;
}

.c0 {
  display: -webkit-box;
  display: -webkit-flex;
  display: -ms-flexbox;
  display: flex;
  -webkit-align-items: center;
  -webkit-box-align: center;
  -ms-flex-align: center;
  align-items: center;
  width: 31.2rem;
  height: 10rem;
  background: linear-gradient(0deg,rgba(223,227,235,0.3),rgba(223,227,235,0.3)),#FFFFFF;
  background-position: center;
  border-radius: 0.4rem;
  margin-bottom: 0.375rem;
  -webkit-transition: all 500ms ease-in-out;
  transition: all 500ms ease-in-out;
  overflow-x: auto;
  overflow-y: hidden;
  cursor: pointer;
}

.c0:active {
  background: #242424;
}

.c0:hover {
  border: 0.3rem solid #ED1CA6;
  margin-bottom: 1rem;
}

.c0:hover .c1 {
  -webkit-transition: all 500ms ease-in-out;
  transition: all 500ms ease-in-out;
  border: 0.05rem solid #ED1CA6;
}

.c0:hover .c3 {
  -webkit-transition: all 500ms ease-in-out;
  transition: all 500ms ease-in-out;
}

.c0:hover .c3 > .c5 {
  color: #ED1CA6;
}

.c2 {
  width: 5.2rem;
  height: 5.2rem;
  border-radius: calc(5.2rem / 2);
  background-image: url(assets/images/photo/cleber-photo.jpg);
  background-size: cover;
  background-color: #A5A5A5;
  margin: 2.4rem;
}

.c4 .c5 {
  text-transform: capitalize;
  padding: 0;
  padding-bottom: 0.6rem;
}

.c4 .c5 > span {
  color: #ED1CA6;
}

@media (max-width:768px) {
  .c0 {
    width: 100%;
  }
}

<div>
  <div
    class="c0"
  >
    <div
      class="c1 c2"
    />
    <div
      class="c3 c4"
    >
      <p
        class="c5 c6"
        color="#242424"
        sizes="1.8"
      >
        Cleber Souza
      </p>
      <p
        class="c5 c7"
        color="#A5A5A5"
        sizes="1.4"
      >
        Data Analyst
         of 
        <span>
          Bonfiglioli
        </span>
      </p>
    </div>
  </div>
</div>
`;
