// Jest Snapshot v1, https://goo.gl/fbAQLP

exports[`<Button/> should render with default values 1`] = `
.c0 {
  display: -webkit-box;
  display: -webkit-flex;
  display: -ms-flexbox;
  display: flex;
  -webkit-flex-direction: row;
  -ms-flex-direction: row;
  flex-direction: row;
  -webkit-box-pack: center;
  -webkit-justify-content: center;
  -ms-flex-pack: center;
  justify-content: center;
  -webkit-align-items: center;
  -webkit-box-align: center;
  -ms-flex-align: center;
  align-items: center;
  padding: 1.2rem 3.2rem;
  -webkit-letter-spacing: 0.02rem;
  -moz-letter-spacing: 0.02rem;
  -ms-letter-spacing: 0.02rem;
  letter-spacing: 0.02rem;
  text-transform: uppercase;
  background: #ffff;
  color: #242424;
  font-size: 1.6rem;
  border-radius: 5px;
  border: none;
  -webkit-transition: all 500ms ease-in-out;
  transition: all 500ms ease-in-out;
  cursor: pointer;
}

.c0:hover {
  background: #7D00FF;
  color: #ffff;
}

<div>
  <button
    class="c0"
    sizes="1.6"
  >
    Texto
  </button>
</div>
`;
